  Determinando los proyectos que se van a restaurar...
  Todos los proyectos están actualizados para la restauración.
  Ums.Sdk.Contracts -> /Users/beyondnet/Source/ums/src/libs/sdk/dotnet/Ums.Sdk.Contracts/bin/Debug/net10.0/Ums.Sdk.Contracts.dll
  Ums.Globalization -> /Users/beyondnet/Source/ums/src/apps/ums.api/Ums.Globalization/bin/Debug/net10.0/Ums.Globalization.dll
  Ums.Domain -> /Users/beyondnet/Source/ums/src/apps/ums.api/Ums.Domain/bin/Debug/net10.0/Ums.Domain.dll
  Ums.Application -> /Users/beyondnet/Source/ums/src/apps/ums.api/Ums.Application/bin/Debug/net10.0/Ums.Application.dll
  Ums.Infrastructure -> /Users/beyondnet/Source/ums/src/apps/ums.api/Ums.Infrastructure/bin/Debug/net10.0/Ums.Infrastructure.dll
  Ums.Presentation -> /Users/beyondnet/Source/ums/src/apps/ums.api/Ums.Presentation/bin/Debug/net10.0/Ums.Presentation.dll
  Ums.Presentation.IntegrationTest -> /Users/beyondnet/Source/ums/src/apps/ums.api/Ums.Presentation.IntegrationTest/bin/Debug/net10.0/Ums.Presentation.IntegrationTest.dll
  Ejecutar pruebas: '/Users/beyondnet/Source/ums/src/apps/ums.api/Ums.Presentation.IntegrationTest/bin/Debug/net10.0/Ums.Presentation.IntegrationTest.dll' [net10.0|arm64]
  Error. Error: 26, Correcto: 133, Omitido: 2, Total: 161, Duración: 1m 31s 255ms
/Users/beyondnet/Source/ums/src/apps/ums.api/Ums.Presentation.IntegrationTest/bin/Debug/net10.0/Ums.Presentation.IntegrationTest.dll : error run failed: Error en las pruebas: '/Users/beyondnet/Source/ums/src/apps/ums.api/Ums.Presentation.IntegrationTest/bin/Debug/net10.0/TestResults/Ums.Presentation.IntegrationTest_net10.0_arm64.log' [net10.0|arm64] [/Users/beyondnet/Source/ums/src/apps/ums.api/Ums.Presentation.IntegrationTest/Ums.Presentation.IntegrationTest.csproj]
